2025-11-18 08:01:15,504 [INFO] 🔹 Starting trading script...
2025-11-18 08:01:15,506 [INFO] file filtered_stocks.csv does not exist
2025-11-18 08:01:15,506 [INFO] file filtered_stocks.json does not exist
2025-11-18 08:01:15,506 [INFO] file gapup_data.csv does not exist
2025-11-18 08:01:15,506 [INFO] file gapup_data.json does not exist
2025-11-18 08:01:15,507 [INFO] file trades.txt does not exist
2025-11-18 08:01:15,507 [INFO] file GapUp_stocks.json does not exist
2025-11-18 08:01:15,507 [INFO] file tamo.txt does not exist
2025-11-18 08:01:15,507 [INFO] Authenticating with Fyers API...
2025-11-18 08:01:16,227 [INFO] Access token is not valid.
2025-11-18 08:01:16,903 [INFO] verify_client_id success
2025-11-18 08:01:16,904 [INFO] generate_totp success
2025-11-18 08:01:17,499 [INFO] verify_totp_result success
2025-11-18 08:01:18,939 [INFO] verify_pin_result success
2025-11-18 08:01:19,545 [INFO] token_result success
2025-11-18 08:01:20,277 [INFO] validate_authcode success
2025-11-18 08:01:20,310 [INFO] Authentication successful
2025-11-18 08:01:20,317 [INFO] Authentication successful.
2025-11-18 08:01:23,319 [INFO] Creating FyersModel instance with access token...
2025-11-18 08:01:23,321 [INFO] Authenticated Fyers instance created.
2025-11-18 08:01:23,321 [INFO] Fetching new gap-up stocks using WebSocket...
2025-11-18 08:01:24,204 [INFO] Loaded 209 symbols from Stock_list.xlsx.
2025-11-18 08:01:25,681 [INFO] Websocket connected
2025-11-18 08:01:25,717 [INFO] Response: {'type': 'cn', 'code': 200, 'message': 'Authentication done', 's': 'ok'}
2025-11-18 08:01:25,978 [INFO] Response: {'type': 'ful', 'code': 200, 'message': 'Full Mode On', 's': 'ok'}
2025-11-18 08:01:26,245 [INFO] WebSocket connection opened. Subscribing to data...
2025-11-18 08:01:27,740 [INFO] Response: {'type': 'sub', 'code': 200, 'message': 'Subscribed', 's': 'ok'}
2025-11-18 08:01:42,598 [INFO] Connection closed: {'code': 200, 'message': 'Connection Closed', 's': 'ok'}
2025-11-18 08:01:45,691 [INFO] Evaluating for gap-up stocks...
2025-11-18 08:01:45,692 [INFO] No gap-up stocks found.
2025-11-18 08:01:45,692 [INFO] Gap-up stocks found: 0
2025-11-18 08:01:45,698 [INFO] Symbol              Gap Up %    Avg Volume  Status
2025-11-18 08:01:45,703 [INFO] ------------------------------------------------------------
2025-11-18 08:01:45,737 [INFO] No stocks passed volume filter. Retrying (1)...
2025-11-18 08:01:48,742 [INFO] Symbol              Gap Up %    Avg Volume  Status
2025-11-18 08:01:48,742 [INFO] ------------------------------------------------------------
2025-11-18 08:01:48,744 [INFO] No stocks passed volume filter. Retrying (0)...
2025-11-18 08:01:51,747 [INFO] No stocks passed after retries. Exiting.
2025-11-18 09:15:56,295 [INFO] 🔹 Starting trading script...
2025-11-18 09:15:56,300 [INFO] file filtered_stocks.csv deleted successfully
2025-11-18 09:15:56,315 [INFO] file filtered_stocks.json does not exist
2025-11-18 09:15:56,315 [INFO] file gapup_data.csv does not exist
2025-11-18 09:15:56,315 [INFO] file gapup_data.json does not exist
2025-11-18 09:15:56,318 [INFO] file trades.txt does not exist
2025-11-18 09:15:56,335 [INFO] file GapUp_stocks.json deleted successfully
2025-11-18 09:15:56,335 [INFO] file tamo.txt does not exist
2025-11-18 09:15:56,338 [INFO] Authenticating with Fyers API...
2025-11-18 09:15:57,055 [INFO] Access token is valid.
2025-11-18 09:15:57,055 [INFO] Authentication successful.
2025-11-18 09:16:00,056 [INFO] Creating FyersModel instance with access token...
2025-11-18 09:16:00,057 [INFO] Authenticated Fyers instance created.
2025-11-18 09:16:00,058 [INFO] Fetching new gap-up stocks using WebSocket...
2025-11-18 09:16:00,616 [INFO] Loaded 209 symbols from Stock_list.xlsx.
2025-11-18 09:16:01,255 [INFO] Websocket connected
2025-11-18 09:16:01,278 [INFO] Response: {'type': 'cn', 'code': 200, 'message': 'Authentication done', 's': 'ok'}
2025-11-18 09:16:01,394 [INFO] Response: {'type': 'ful', 'code': 200, 'message': 'Full Mode On', 's': 'ok'}
2025-11-18 09:16:02,646 [INFO] WebSocket connection opened. Subscribing to data...
2025-11-18 09:16:03,613 [INFO] Response: {'type': 'sub', 'code': 200, 'message': 'Subscribed', 's': 'ok'}
2025-11-18 09:16:18,747 [INFO] Connection closed: {'code': 200, 'message': 'Connection Closed', 's': 'ok'}
2025-11-18 09:16:21,260 [INFO] Evaluating for gap-up stocks...
2025-11-18 09:16:21,260 [INFO] No gap-up stocks found.
2025-11-18 09:16:21,263 [INFO] Gap-up stocks found: 0
2025-11-18 09:16:21,263 [INFO] Symbol              Gap Up %    Avg Volume  Status
2025-11-18 09:16:21,263 [INFO] ------------------------------------------------------------
2025-11-18 09:16:21,275 [INFO] No stocks passed volume filter. Retrying (1)...
2025-11-18 09:16:24,277 [INFO] Symbol              Gap Up %    Avg Volume  Status
2025-11-18 09:16:24,277 [INFO] ------------------------------------------------------------
2025-11-18 09:16:24,281 [INFO] No stocks passed volume filter. Retrying (0)...
2025-11-18 09:16:27,291 [INFO] No stocks passed after retries. Exiting.
2025-11-18 09:17:10,470 [INFO] 🔹 Starting trading script...
2025-11-18 09:17:10,470 [INFO] file filtered_stocks.csv deleted successfully
2025-11-18 09:17:10,475 [INFO] file filtered_stocks.json does not exist
2025-11-18 09:17:10,477 [INFO] file gapup_data.csv does not exist
2025-11-18 09:17:10,479 [INFO] file gapup_data.json does not exist
2025-11-18 09:17:10,483 [INFO] file trades.txt does not exist
2025-11-18 09:17:10,485 [INFO] file GapUp_stocks.json deleted successfully
2025-11-18 09:17:10,492 [INFO] file tamo.txt does not exist
2025-11-18 09:17:10,493 [INFO] Authenticating with Fyers API...
2025-11-18 09:17:11,206 [INFO] Access token is valid.
2025-11-18 09:17:11,206 [INFO] Authentication successful.
2025-11-18 09:17:14,208 [INFO] Creating FyersModel instance with access token...
2025-11-18 09:17:14,209 [INFO] Authenticated Fyers instance created.
2025-11-18 09:17:14,209 [INFO] Fetching new gap-up stocks using WebSocket...
2025-11-18 09:17:14,736 [INFO] Loaded 209 symbols from Stock_list.xlsx.
2025-11-18 09:17:15,392 [INFO] Websocket connected
2025-11-18 09:17:15,416 [INFO] Response: {'type': 'cn', 'code': 200, 'message': 'Authentication done', 's': 'ok'}
2025-11-18 09:17:15,524 [INFO] Response: {'type': 'ful', 'code': 200, 'message': 'Full Mode On', 's': 'ok'}
2025-11-18 09:17:16,749 [INFO] WebSocket connection opened. Subscribing to data...
2025-11-18 09:17:17,850 [INFO] Response: {'type': 'sub', 'code': 200, 'message': 'Subscribed', 's': 'ok'}
2025-11-18 09:17:32,890 [INFO] Connection closed: {'code': 200, 'message': 'Connection Closed', 's': 'ok'}
2025-11-18 09:17:35,398 [INFO] Evaluating for gap-up stocks...
2025-11-18 09:17:35,398 [INFO] No gap-up stocks found.
2025-11-18 09:17:35,400 [INFO] Gap-up stocks found: 0
2025-11-18 09:17:35,408 [INFO] Symbol              Gap Up %    Avg Volume  Status
2025-11-18 09:17:35,416 [INFO] ------------------------------------------------------------
2025-11-18 09:17:35,431 [INFO] No stocks passed volume filter. Retrying (1)...
2025-11-18 09:17:38,434 [INFO] Symbol              Gap Up %    Avg Volume  Status
2025-11-18 09:17:38,434 [INFO] ------------------------------------------------------------
2025-11-18 09:17:38,437 [INFO] No stocks passed volume filter. Retrying (0)...
2025-11-18 09:17:41,440 [INFO] No stocks passed after retries. Exiting.
2025-11-18 09:18:44,200 [INFO] 🔹 Starting trading script...
2025-11-18 09:18:44,200 [INFO] file filtered_stocks.csv deleted successfully
2025-11-18 09:18:44,200 [INFO] file filtered_stocks.json does not exist
2025-11-18 09:18:44,200 [INFO] file gapup_data.csv does not exist
2025-11-18 09:18:44,200 [INFO] file gapup_data.json does not exist
2025-11-18 09:18:44,200 [INFO] file trades.txt does not exist
2025-11-18 09:18:44,200 [INFO] file GapUp_stocks.json deleted successfully
2025-11-18 09:18:44,200 [INFO] file tamo.txt does not exist
2025-11-18 09:18:44,200 [INFO] Authenticating with Fyers API...
2025-11-18 09:18:44,965 [INFO] Access token is valid.
2025-11-18 09:18:44,965 [INFO] Authentication successful.
2025-11-18 09:18:47,971 [INFO] Creating FyersModel instance with access token...
2025-11-18 09:18:47,974 [INFO] Authenticated Fyers instance created.
2025-11-18 09:18:47,974 [INFO] Fetching new gap-up stocks using WebSocket...
2025-11-18 09:18:48,309 [INFO] Loaded 209 symbols from Stock_list.xlsx.
2025-11-18 09:18:48,902 [INFO] Websocket connected
2025-11-18 09:18:49,081 [INFO] Response: {'type': 'cn', 'code': 200, 'message': 'Authentication done', 's': 'ok'}
2025-11-18 09:18:49,536 [INFO] Response: {'type': 'ful', 'code': 200, 'message': 'Full Mode On', 's': 'ok'}
2025-11-18 09:18:50,325 [INFO] WebSocket connection opened. Subscribing to data...
2025-11-18 09:18:51,782 [INFO] Response: {'type': 'sub', 'code': 200, 'message': 'Subscribed', 's': 'ok'}
2025-11-18 09:19:06,566 [INFO] Connection closed: {'code': 200, 'message': 'Connection Closed', 's': 'ok'}
2025-11-18 09:19:08,910 [INFO] Evaluating for gap-up stocks...
2025-11-18 09:19:08,910 [INFO] No gap-up stocks found.
2025-11-18 09:19:08,913 [INFO] Gap-up stocks found: 0
2025-11-18 09:19:08,915 [INFO] Symbol              Gap Up %    Avg Volume  Status
2025-11-18 09:19:08,915 [INFO] ------------------------------------------------------------
2025-11-18 09:19:08,924 [INFO] No stocks passed volume filter. Retrying (1)...
2025-11-18 09:19:11,931 [INFO] Symbol              Gap Up %    Avg Volume  Status
2025-11-18 09:19:11,931 [INFO] ------------------------------------------------------------
2025-11-18 09:19:11,935 [INFO] No stocks passed volume filter. Retrying (0)...
2025-11-18 09:19:14,939 [INFO] No stocks passed after retries. Exiting.
2025-11-18 11:35:36,580 [INFO] 🔹 Starting trading script...
2025-11-18 11:35:36,585 [INFO] file filtered_stocks.csv deleted successfully
2025-11-18 11:35:36,585 [INFO] file filtered_stocks.json does not exist
2025-11-18 11:35:36,587 [INFO] file gapup_data.csv does not exist
2025-11-18 11:35:36,587 [INFO] file gapup_data.json does not exist
2025-11-18 11:35:36,587 [INFO] file trades.txt does not exist
2025-11-18 11:35:36,590 [INFO] file GapUp_stocks.json deleted successfully
2025-11-18 11:35:36,595 [INFO] file tamo.txt does not exist
2025-11-18 11:35:36,595 [INFO] Authenticating with Fyers API...
2025-11-18 11:35:37,102 [INFO] Access token is valid.
2025-11-18 11:35:37,102 [INFO] Authentication successful.
2025-11-18 11:35:40,105 [INFO] Creating FyersModel instance with access token...
2025-11-18 11:35:40,107 [INFO] Authenticated Fyers instance created.
2025-11-18 11:35:40,107 [INFO] Fetching new gap-up stocks using WebSocket...
2025-11-18 11:35:40,591 [INFO] Loaded 209 symbols from Stock_list.xlsx.
2025-11-18 11:35:41,703 [INFO] Websocket connected
2025-11-18 11:35:41,816 [INFO] Response: {'type': 'cn', 'code': 200, 'message': 'Authentication done', 's': 'ok'}
2025-11-18 11:35:42,624 [INFO] WebSocket connection opened. Subscribing to data...
2025-11-18 11:35:42,717 [INFO] Response: {'type': 'ful', 'code': 200, 'message': 'Full Mode On', 's': 'ok'}
2025-11-18 11:35:43,900 [INFO] Response: {'type': 'sub', 'code': 200, 'message': 'Subscribed', 's': 'ok'}
2025-11-18 11:35:58,821 [INFO] Connection closed: {'code': 200, 'message': 'Connection Closed', 's': 'ok'}
2025-11-18 11:36:01,708 [INFO] Evaluating for gap-up stocks...
2025-11-18 11:36:01,708 [INFO] No gap-up stocks found.
2025-11-18 11:36:01,711 [INFO] Gap-up stocks found: 0
2025-11-18 11:36:01,713 [INFO] Symbol              Gap Up %    Avg Volume  Status
2025-11-18 11:36:01,713 [INFO] ------------------------------------------------------------
2025-11-18 11:36:01,724 [INFO] No stocks passed volume filter. Retrying (1)...
2025-11-18 11:36:04,728 [INFO] Symbol              Gap Up %    Avg Volume  Status
2025-11-18 11:36:04,728 [INFO] ------------------------------------------------------------
2025-11-18 11:36:04,730 [INFO] No stocks passed volume filter. Retrying (0)...
2025-11-18 11:36:07,734 [INFO] No stocks passed after retries. Exiting.
