2025-11-19 06:40:45,881 [INFO] Fetching candles for NSE:TMPV-EQ...
2025-11-19 06:44:49,110 [INFO] Fetching candles for NSE:TMPV-EQ...
2025-11-19 06:44:49,112 [INFO] No 10.00 AM trigger candle found.
2025-11-19 06:45:14,744 [INFO] Fetching candles for NSE:TMPV-EQ...
2025-11-19 06:45:14,746 [INFO] No 10.00 AM trigger candle found.
2025-11-19 06:49:38,871 [INFO] Fetching candles for NSE:TMPV-EQ...
2025-11-19 06:49:38,875 [INFO] No 10.00 AM trigger candle found.
2025-11-19 06:50:30,536 [INFO] Fetching candles for NSE:TMPV-EQ...
2025-11-19 06:50:30,539 [INFO] No 10.00 AM trigger candle found.
2025-11-19 06:50:59,696 [INFO] Fetching candles for NSE:TMPV-EQ...
2025-11-19 06:50:59,698 [INFO] No 10.00 AM trigger candle found.
2025-11-19 06:52:07,562 [INFO] Fetching candles for NSE:TMPV-EQ...
2025-11-19 06:53:08,440 [INFO] Fetching candles for NSE:TMPV-EQ...
2025-11-19 06:53:39,183 [INFO] Fetching candles for NSE:TMPV-EQ...
2025-11-19 06:53:39,186 [INFO] No 10.00 AM trigger candle found.
2025-11-19 06:54:04,440 [INFO] Fetching candles for NSE:TMPV-EQ...
2025-11-19 06:54:20,087 [INFO] Fetching candles for NSE:TMPV-EQ...
2025-11-19 06:54:26,381 [INFO] Fetching candles for NSE:TMPV-EQ...
2025-11-19 06:54:34,638 [INFO] Fetching candles for NSE:TMPV-EQ...
2025-11-19 06:55:16,510 [INFO] Fetching candles for NSE:TMPV-EQ...
2025-11-19 06:55:29,755 [INFO] Fetching candles for NSE:TMPV-EQ...
2025-11-19 06:55:29,763 [INFO] Fetching candles for NSE:TMPV-EQ...
2025-11-19 06:55:29,768 [INFO] Trigger candle found for NSE:TMPV-EQ - High: 105, Low: 96
2025-11-19 07:35:12,653 [INFO] 🔹 Starting trading script...
2025-11-19 07:35:12,659 [INFO] file filtered_stocks.csv deleted successfully
2025-11-19 07:35:12,659 [INFO] file filtered_stocks.json does not exist
2025-11-19 07:35:12,661 [INFO] file gapup_data.csv does not exist
2025-11-19 07:35:12,661 [INFO] file gapup_data.json does not exist
2025-11-19 07:35:12,661 [INFO] file trades.txt does not exist
2025-11-19 07:35:12,663 [INFO] file GapUp_stocks.json deleted successfully
2025-11-19 07:35:12,665 [INFO] file tamo.txt does not exist
2025-11-19 07:35:12,671 [INFO] Authenticating with Fyers API...
2025-11-19 07:35:13,793 [INFO] Access token is not valid.
2025-11-19 07:35:14,978 [INFO] verify_client_id success
2025-11-19 07:35:14,978 [INFO] generate_totp success
2025-11-19 07:35:15,607 [INFO] verify_totp_result success
2025-11-19 07:35:17,332 [INFO] verify_pin_result success
2025-11-19 07:35:18,216 [INFO] token_result success
2025-11-19 07:35:19,491 [INFO] validate_authcode success
2025-11-19 07:35:19,553 [INFO] Authentication successful
2025-11-19 07:35:19,563 [INFO] Authentication successful.
2025-11-19 07:35:22,566 [INFO] Creating FyersModel instance with access token...
2025-11-19 07:35:22,566 [INFO] Authenticated Fyers instance created.
2025-11-19 07:35:22,566 [INFO] Fetching new gap-up stocks using WebSocket...
2025-11-19 07:35:23,368 [INFO] Loaded 209 symbols from Stock_list.xlsx.
2025-11-19 07:35:24,151 [INFO] Websocket connected
2025-11-19 07:35:24,178 [INFO] Response: {'type': 'cn', 'code': 200, 'message': 'Authentication done', 's': 'ok'}
2025-11-19 07:35:24,258 [INFO] Response: {'type': 'ful', 'code': 200, 'message': 'Full Mode On', 's': 'ok'}
2025-11-19 07:35:25,404 [INFO] WebSocket connection opened. Subscribing to data...
2025-11-19 07:35:26,676 [INFO] Response: {'type': 'sub', 'code': 200, 'message': 'Subscribed', 's': 'ok'}
2025-11-19 07:35:41,900 [INFO] Connection closed: {'code': 200, 'message': 'Connection Closed', 's': 'ok'}
2025-11-19 07:35:44,164 [INFO] Evaluating for gap-up stocks...
2025-11-19 07:35:44,166 [INFO] No gap-up stocks found.
2025-11-19 07:35:44,166 [INFO] Gap-up stocks found: 0
2025-11-19 07:35:44,177 [INFO] Symbol              Gap Up %    Avg Volume  Status
2025-11-19 07:35:44,177 [INFO] ------------------------------------------------------------
2025-11-19 07:35:44,196 [INFO] No stocks passed volume filter. Retrying (1)...
2025-11-19 07:35:47,204 [INFO] Symbol              Gap Up %    Avg Volume  Status
2025-11-19 07:35:47,204 [INFO] ------------------------------------------------------------
2025-11-19 07:35:47,210 [INFO] No stocks passed volume filter. Retrying (0)...
2025-11-19 07:35:50,235 [INFO] No stocks passed after retries. Exiting.
2025-11-19 09:15:43,774 [INFO] 🔹 Starting trading script...
2025-11-19 09:15:43,774 [INFO] file filtered_stocks.csv deleted successfully
2025-11-19 09:15:43,778 [INFO] file filtered_stocks.json does not exist
2025-11-19 09:15:43,780 [INFO] file gapup_data.csv does not exist
2025-11-19 09:15:43,782 [INFO] file gapup_data.json does not exist
2025-11-19 09:15:43,784 [INFO] file trades.txt does not exist
2025-11-19 09:15:43,786 [INFO] file GapUp_stocks.json deleted successfully
2025-11-19 09:15:43,792 [INFO] file tamo.txt does not exist
2025-11-19 09:15:43,801 [INFO] Authenticating with Fyers API...
2025-11-19 09:15:44,535 [INFO] Access token is valid.
2025-11-19 09:15:44,535 [INFO] Authentication successful.
2025-11-19 09:15:47,542 [INFO] Creating FyersModel instance with access token...
2025-11-19 09:15:47,544 [INFO] Authenticated Fyers instance created.
2025-11-19 09:15:47,544 [INFO] Fetching new gap-up stocks using WebSocket...
2025-11-19 09:15:48,037 [INFO] Loaded 209 symbols from Stock_list.xlsx.
2025-11-19 09:15:48,790 [INFO] Websocket connected
2025-11-19 09:15:49,070 [INFO] Response: {'type': 'cn', 'code': 200, 'message': 'Authentication done', 's': 'ok'}
2025-11-19 09:15:49,267 [INFO] Response: {'type': 'ful', 'code': 200, 'message': 'Full Mode On', 's': 'ok'}
2025-11-19 09:15:50,048 [INFO] WebSocket connection opened. Subscribing to data...
2025-11-19 09:15:51,398 [INFO] Response: {'type': 'sub', 'code': 200, 'message': 'Subscribed', 's': 'ok'}
2025-11-19 09:16:06,368 [INFO] Connection closed: {'code': 200, 'message': 'Connection Closed', 's': 'ok'}
2025-11-19 09:16:08,796 [INFO] Evaluating for gap-up stocks...
2025-11-19 09:16:08,796 [INFO] No gap-up stocks found.
2025-11-19 09:16:08,796 [INFO] Gap-up stocks found: 0
2025-11-19 09:16:08,804 [INFO] Symbol              Gap Up %    Avg Volume  Status
2025-11-19 09:16:08,804 [INFO] ------------------------------------------------------------
2025-11-19 09:16:08,814 [INFO] No stocks passed volume filter. Retrying (1)...
2025-11-19 09:16:11,831 [INFO] Symbol              Gap Up %    Avg Volume  Status
2025-11-19 09:16:11,831 [INFO] ------------------------------------------------------------
2025-11-19 09:16:11,831 [INFO] No stocks passed volume filter. Retrying (0)...
2025-11-19 09:16:14,837 [INFO] No stocks passed after retries. Exiting.
