2025-11-21 09:17:37,930 [INFO] 🔹 Starting trading script...
2025-11-21 09:17:37,952 [INFO] file filtered_stocks.csv does not exist
2025-11-21 09:17:37,952 [INFO] file filtered_stocks.json does not exist
2025-11-21 09:17:37,959 [INFO] file gapup_data.csv does not exist
2025-11-21 09:17:37,978 [INFO] file gapup_data.json does not exist
2025-11-21 09:17:37,978 [INFO] file trades.txt does not exist
2025-11-21 09:17:37,980 [INFO] file GapUp_stocks.json does not exist
2025-11-21 09:17:37,980 [INFO] file tamo.txt does not exist
2025-11-21 09:17:37,980 [INFO] Authenticating with Fyers API...
2025-11-21 09:17:38,816 [INFO] Access token is not valid.
2025-11-21 09:17:39,730 [INFO] verify_client_id success
2025-11-21 09:17:39,752 [INFO] generate_totp success
2025-11-21 09:17:40,532 [INFO] verify_totp_result success
2025-11-21 09:17:42,106 [INFO] verify_pin_result success
2025-11-21 09:17:42,879 [INFO] token_result success
2025-11-21 09:17:44,358 [INFO] validate_authcode success
2025-11-21 09:17:44,397 [INFO] Authentication successful
2025-11-21 09:17:44,413 [INFO] Authentication successful.
2025-11-21 09:17:47,415 [INFO] Creating FyersModel instance with access token...
2025-11-21 09:17:47,417 [INFO] Authenticated Fyers instance created.
2025-11-21 09:17:47,417 [INFO] Fetching new gap-up stocks using WebSocket...
2025-11-21 09:17:48,154 [INFO] Loaded 209 symbols from Stock_list.xlsx.
2025-11-21 09:17:48,659 [INFO] Websocket connected
2025-11-21 09:17:48,694 [INFO] Response: {'type': 'cn', 'code': 200, 'message': 'Authentication done', 's': 'ok'}
2025-11-21 09:17:48,882 [INFO] Response: {'type': 'ful', 'code': 200, 'message': 'Full Mode On', 's': 'ok'}
2025-11-21 09:17:50,190 [INFO] WebSocket connection opened. Subscribing to data...
2025-11-21 09:17:51,264 [INFO] Response: {'type': 'sub', 'code': 200, 'message': 'Subscribed', 's': 'ok'}
2025-11-21 09:18:06,267 [INFO] Connection closed: {'code': 200, 'message': 'Connection Closed', 's': 'ok'}
2025-11-21 09:18:08,664 [INFO] Evaluating for gap-up stocks...
2025-11-21 09:18:08,665 [INFO] No gap-up stocks found.
2025-11-21 09:18:08,675 [INFO] Gap-up stocks found: 0
2025-11-21 09:18:08,677 [INFO] Symbol              Gap Up %    Avg Volume  Status
2025-11-21 09:18:08,684 [INFO] ------------------------------------------------------------
2025-11-21 09:18:08,696 [INFO] No stocks passed volume filter. Retrying (1)...
2025-11-21 09:18:11,708 [INFO] Symbol              Gap Up %    Avg Volume  Status
2025-11-21 09:18:11,711 [INFO] ------------------------------------------------------------
2025-11-21 09:18:11,743 [INFO] No stocks passed volume filter. Retrying (0)...
2025-11-21 09:18:14,765 [INFO] No stocks passed after retries. Exiting.
2025-11-21 09:18:22,863 [INFO] 🔹 Starting trading script...
2025-11-21 09:18:22,865 [INFO] file filtered_stocks.csv deleted successfully
2025-11-21 09:18:22,865 [INFO] file filtered_stocks.json does not exist
2025-11-21 09:18:22,867 [INFO] file gapup_data.csv does not exist
2025-11-21 09:18:22,867 [INFO] file gapup_data.json does not exist
2025-11-21 09:18:22,867 [INFO] file trades.txt does not exist
2025-11-21 09:18:22,869 [INFO] file GapUp_stocks.json deleted successfully
2025-11-21 09:18:22,869 [INFO] file tamo.txt does not exist
2025-11-21 09:18:22,869 [INFO] Authenticating with Fyers API...
2025-11-21 09:18:23,316 [INFO] Access token is valid.
2025-11-21 09:18:23,316 [INFO] Authentication successful.
2025-11-21 09:18:26,319 [INFO] Creating FyersModel instance with access token...
2025-11-21 09:18:26,320 [INFO] Authenticated Fyers instance created.
2025-11-21 09:18:26,321 [INFO] Fetching new gap-up stocks using WebSocket...
2025-11-21 09:18:26,687 [INFO] Loaded 209 symbols from Stock_list.xlsx.
2025-11-21 09:18:27,063 [INFO] Websocket connected
2025-11-21 09:18:27,113 [INFO] Response: {'type': 'cn', 'code': 200, 'message': 'Authentication done', 's': 'ok'}
2025-11-21 09:18:27,407 [INFO] Response: {'type': 'ful', 'code': 200, 'message': 'Full Mode On', 's': 'ok'}
2025-11-21 09:18:28,695 [INFO] WebSocket connection opened. Subscribing to data...
2025-11-21 09:18:29,640 [INFO] Response: {'type': 'sub', 'code': 200, 'message': 'Subscribed', 's': 'ok'}
2025-11-21 09:18:44,793 [INFO] Connection closed: {'code': 200, 'message': 'Connection Closed', 's': 'ok'}
2025-11-21 09:18:47,070 [INFO] Evaluating for gap-up stocks...
2025-11-21 09:18:47,076 [INFO] No gap-up stocks found.
2025-11-21 09:18:47,084 [INFO] Gap-up stocks found: 0
2025-11-21 09:18:47,088 [INFO] Symbol              Gap Up %    Avg Volume  Status
2025-11-21 09:18:47,099 [INFO] ------------------------------------------------------------
2025-11-21 09:18:47,157 [INFO] No stocks passed volume filter. Retrying (1)...
2025-11-21 09:18:50,166 [INFO] Symbol              Gap Up %    Avg Volume  Status
2025-11-21 09:18:50,166 [INFO] ------------------------------------------------------------
2025-11-21 09:18:50,170 [INFO] No stocks passed volume filter. Retrying (0)...
2025-11-21 09:18:53,175 [INFO] No stocks passed after retries. Exiting.
2025-11-21 09:19:06,427 [INFO] 🔹 Starting trading script...
2025-11-21 09:19:06,429 [INFO] file filtered_stocks.csv deleted successfully
2025-11-21 09:19:06,429 [INFO] file filtered_stocks.json does not exist
2025-11-21 09:19:06,431 [INFO] file gapup_data.csv does not exist
2025-11-21 09:19:06,432 [INFO] file gapup_data.json does not exist
2025-11-21 09:19:06,432 [INFO] file trades.txt does not exist
2025-11-21 09:19:06,432 [INFO] file GapUp_stocks.json deleted successfully
2025-11-21 09:19:06,434 [INFO] file tamo.txt does not exist
2025-11-21 09:19:06,434 [INFO] Authenticating with Fyers API...
2025-11-21 09:19:06,837 [INFO] Access token is valid.
2025-11-21 09:19:06,837 [INFO] Authentication successful.
2025-11-21 09:19:09,841 [INFO] Creating FyersModel instance with access token...
2025-11-21 09:19:09,842 [INFO] Authenticated Fyers instance created.
2025-11-21 09:19:09,842 [INFO] Fetching new gap-up stocks using WebSocket...
2025-11-21 09:19:10,269 [INFO] Loaded 209 symbols from Stock_list.xlsx.
2025-11-21 09:19:10,610 [INFO] Websocket connected
2025-11-21 09:19:10,647 [INFO] Response: {'type': 'cn', 'code': 200, 'message': 'Authentication done', 's': 'ok'}
2025-11-21 09:19:10,843 [INFO] Response: {'type': 'ful', 'code': 200, 'message': 'Full Mode On', 's': 'ok'}
2025-11-21 09:19:12,277 [INFO] WebSocket connection opened. Subscribing to data...
2025-11-21 09:19:13,156 [INFO] Response: {'type': 'sub', 'code': 200, 'message': 'Subscribed', 's': 'ok'}
2025-11-21 09:19:28,153 [INFO] Connection closed: {'code': 200, 'message': 'Connection Closed', 's': 'ok'}
2025-11-21 09:19:30,616 [INFO] Evaluating for gap-up stocks...
2025-11-21 09:19:30,616 [INFO] No gap-up stocks found.
2025-11-21 09:19:30,619 [INFO] Gap-up stocks found: 0
2025-11-21 09:19:30,621 [INFO] Symbol              Gap Up %    Avg Volume  Status
2025-11-21 09:19:30,626 [INFO] ------------------------------------------------------------
2025-11-21 09:19:30,642 [INFO] No stocks passed volume filter. Retrying (1)...
2025-11-21 09:19:33,646 [INFO] Symbol              Gap Up %    Avg Volume  Status
2025-11-21 09:19:33,646 [INFO] ------------------------------------------------------------
2025-11-21 09:19:33,650 [INFO] No stocks passed volume filter. Retrying (0)...
2025-11-21 09:19:36,652 [INFO] No stocks passed after retries. Exiting.
2025-11-21 19:13:22,021 [INFO] Creating FyersModel instance with access token...
2025-11-21 19:13:22,025 [INFO] Authenticated Fyers instance created.
2025-11-21 19:15:48,386 [INFO] Creating FyersModel instance with access token...
2025-11-21 19:15:48,386 [INFO] Authenticated Fyers instance created.
